// Jest Snapshot v1, https://goo.gl/fbAQLP

exports[`Onboarding Screens Rendering should match to snapshot 1`] = `ShallowWrapper {}`;
